// Jest Snapshot v1, https://goo.gl/fbAQLP

exports[`Hidden should visually hide elements correctly 1`] = `
@media (min-width:0px) {
  .emotion-0 {
    position: absolute;
    width: 1px;
    height: 1px;
    padding: 0;
    overflow: hidden;
    clip: rect(0, 0, 0, 0);
    white-space: nowrap;
    border-style: none;
  }
}

@media (min-width:920px) {
  .emotion-0 {
    position: static;
    width: auto;
    height: auto;
    padding: 0;
    overflow: visible;
    white-space: normal;
    border-style: initial;
    clip: initial;
  }
}

@media (min-width:1280px) {
  .emotion-0 {
    position: absolute;
    width: 1px;
    height: 1px;
    padding: 0;
    overflow: hidden;
    clip: rect(0, 0, 0, 0);
    white-space: nowrap;
    border-style: none;
  }
}

<div
  className="emotion-0  emotion-1"
>
  <div />
</div>
`;
