// Jest Snapshot v1, https://goo.gl/fbAQLP

exports[`Ancestor_Css propertiesToString should convert into string correctly 1`] = `
"
    
    @media (min-width: 0px) {
      background-color: 000;
    }
  
    
    @media (min-width: 0px) {
      display: block;
    }
  &:hover { 
    
    @media (min-width: 0px) {
      background-color: #ccc;
    }
  
    
    @media (min-width: 0px) {
      display: flex;
    }
   }"
`;
